

================================================================
== Vitis HLS Report for 'colordetect_accel'
================================================================
* Date:           Tue Mar 29 20:35:27 2022

* Version:        2020.2.2 (Build 3118627 on Tue Feb  9 05:13:49 MST 2021)
* Project:        colordetect
* Solution:       colordetect (Vivado IP Flow Target)
* Product family: zynq
* Target device:  xc7z020-clg484-2


================================================================
== Performance Estimates
================================================================
+ Timing: 
    * Summary: 
    +--------+----------+----------+------------+
    |  Clock |  Target  | Estimated| Uncertainty|
    +--------+----------+----------+------------+
    |ap_clk  |  10.00 ns|  7.156 ns|     2.70 ns|
    +--------+----------+----------+------------+

+ Latency: 
    * Summary: 
    +---------+---------+----------+-----------+-----+---------+----------+
    |  Latency (cycles) |  Latency (absolute)  |    Interval   | Pipeline |
    |   min   |   max   |    min   |    max    | min |   max   |   Type   |
    +---------+---------+----------+-----------+-----+---------+----------+
    |       56|  8319416|  0.560 us|  83.194 ms|   14|  8319374|  dataflow|
    +---------+---------+----------+-----------+-----+---------+----------+

    + Detail: 
        * Instance: 
        +-------------------------------------------------------------------+----------------------------------------------------------------+---------+---------+-----------+-----------+-----+---------+----------+
        |                                                                   |                                                                |  Latency (cycles) |   Latency (absolute)  |    Interval   | Pipeline |
        |                              Instance                             |                             Module                             |   min   |   max   |    min    |    max    | min |   max   |   Type   |
        +-------------------------------------------------------------------+----------------------------------------------------------------+---------+---------+-----------+-----------+-----+---------+----------+
        |colorthresholding_9_0_3_2160_3840_1_U0                             |colorthresholding_9_0_3_2160_3840_1_s                           |       17|  8294418|   0.170 us|  82.944 ms|   12|  8294407|  dataflow|
        |bgr2hsv_9_2160_3840_1_U0                                           |bgr2hsv_9_2160_3840_1_s                                         |        3|  8294412|  30.000 ns|  82.944 ms|    3|  8294412|      none|
        |erode_0_0_2160_3840_0_3_3_1_1_11_U0                                |erode_0_0_2160_3840_0_3_3_1_1_11                                |       13|  8319373|   0.130 us|  83.194 ms|   13|  8319373|      none|
        |dilate_0_0_2160_3840_0_3_3_1_1_12_U0                               |dilate_0_0_2160_3840_0_3_3_1_1_12                               |       13|  8319373|   0.130 us|  83.194 ms|   13|  8319373|      none|
        |dilate_0_0_2160_3840_0_3_3_1_1_U0                                  |dilate_0_0_2160_3840_0_3_3_1_1_s                                |       13|  8319373|   0.130 us|  83.194 ms|   13|  8319373|      none|
        |erode_0_0_2160_3840_0_3_3_1_1_U0                                   |erode_0_0_2160_3840_0_3_3_1_1_s                                 |       13|  8319373|   0.130 us|  83.194 ms|   13|  8319373|      none|
        |xfMat2axis_24_0_2160_3840_1_U0                                     |xfMat2axis_24_0_2160_3840_1_s                                   |        1|  8303041|  10.000 ns|  83.030 ms|    1|  8303041|      none|
        |axis2xfMat_24_9_2160_3840_1_U0                                     |axis2xfMat_24_9_2160_3840_1_s                                   |        1|  8300881|  10.000 ns|  83.009 ms|    1|  8300881|      none|
        |Block_ZN2xf2cv3MatILi9ELi2160ELi3840ELi1ELi2EEC2Eii_exit1_proc_U0  |Block_ZN2xf2cv3MatILi9ELi2160ELi3840ELi1ELi2EEC2Eii_exit1_proc  |        0|        0|       0 ns|       0 ns|    0|        0|      none|
        +-------------------------------------------------------------------+----------------------------------------------------------------+---------+---------+-----------+-----------+-----+---------+----------+

        * Loop: 
        N/A



================================================================
== Utilization Estimates
================================================================
* Summary: 
+-----------------+---------+-----+--------+-------+-----+
|       Name      | BRAM_18K| DSP |   FF   |  LUT  | URAM|
+-----------------+---------+-----+--------+-------+-----+
|DSP              |        -|    -|       -|      -|    -|
|Expression       |        -|    -|       0|      7|    -|
|FIFO             |        -|    -|    2277|   1554|    -|
|Instance         |       33|    3|    6474|   7344|    -|
|Memory           |        -|    -|       -|      -|    -|
|Multiplexer      |        -|    -|       -|     18|    -|
|Register         |        -|    -|       2|      -|    -|
+-----------------+---------+-----+--------+-------+-----+
|Total            |       33|    3|    8753|   8923|    0|
+-----------------+---------+-----+--------+-------+-----+
|Available        |      280|  220|  106400|  53200|    0|
+-----------------+---------+-----+--------+-------+-----+
|Utilization (%)  |       11|    1|       8|     16|    0|
+-----------------+---------+-----+--------+-------+-----+

+ Detail: 
    * Instance: 
    +-------------------------------------------------------------------+----------------------------------------------------------------+---------+----+------+------+-----+
    |                              Instance                             |                             Module                             | BRAM_18K| DSP|  FF  |  LUT | URAM|
    +-------------------------------------------------------------------+----------------------------------------------------------------+---------+----+------+------+-----+
    |Block_ZN2xf2cv3MatILi9ELi2160ELi3840ELi1ELi2EEC2Eii_exit1_proc_U0  |Block_ZN2xf2cv3MatILi9ELi2160ELi3840ELi1ELi2EEC2Eii_exit1_proc  |        0|   0|     3|   145|    0|
    |axis2xfMat_24_9_2160_3840_1_U0                                     |axis2xfMat_24_9_2160_3840_1_s                                   |        0|   0|   133|   180|    0|
    |bgr2hsv_9_2160_3840_1_U0                                           |bgr2hsv_9_2160_3840_1_s                                         |        5|   2|   818|   708|    0|
    |colorthresholding_9_0_3_2160_3840_1_U0                             |colorthresholding_9_0_3_2160_3840_1_s                           |        0|   1|  2484|  2242|    0|
    |control_s_axi_U                                                    |control_s_axi                                                   |        4|   0|   272|   308|    0|
    |dilate_0_0_2160_3840_0_3_3_1_1_12_U0                               |dilate_0_0_2160_3840_0_3_3_1_1_12                               |        6|   0|   647|   878|    0|
    |dilate_0_0_2160_3840_0_3_3_1_1_U0                                  |dilate_0_0_2160_3840_0_3_3_1_1_s                                |        6|   0|   647|   878|    0|
    |erode_0_0_2160_3840_0_3_3_1_1_11_U0                                |erode_0_0_2160_3840_0_3_3_1_1_11                                |        6|   0|   647|   878|    0|
    |erode_0_0_2160_3840_0_3_3_1_1_U0                                   |erode_0_0_2160_3840_0_3_3_1_1_s                                 |        6|   0|   647|   878|    0|
    |xfMat2axis_24_0_2160_3840_1_U0                                     |xfMat2axis_24_0_2160_3840_1_s                                   |        0|   0|   176|   249|    0|
    +-------------------------------------------------------------------+----------------------------------------------------------------+---------+----+------+------+-----+
    |Total                                                              |                                                                |       33|   3|  6474|  7344|    0|
    +-------------------------------------------------------------------+----------------------------------------------------------------+---------+----+------+------+-----+

    * DSP: 
    N/A

    * Memory: 
    N/A

    * FIFO: 
    +---------------------+---------+----+----+-----+------+-----+---------+
    |         Name        | BRAM_18K| FF | LUT| URAM| Depth| Bits| Size:D*B|
    +---------------------+---------+----+----+-----+------+-----+---------+
    |imgHelper1_cols_c_U  |        0|  99|   0|    -|     5|   32|      160|
    |imgHelper1_data_U    |        0|  99|   0|    -|     2|    8|       16|
    |imgHelper1_rows_c_U  |        0|  99|   0|    -|     5|   32|      160|
    |imgHelper2_cols_c_U  |        0|  99|   0|    -|     6|   32|      192|
    |imgHelper2_data_U    |        0|  99|   0|    -|     2|    8|       16|
    |imgHelper2_rows_c_U  |        0|  99|   0|    -|     6|   32|      192|
    |imgHelper3_cols_c_U  |        0|  99|   0|    -|     7|   32|      224|
    |imgHelper3_data_U    |        0|  99|   0|    -|     2|    8|       16|
    |imgHelper3_rows_c_U  |        0|  99|   0|    -|     7|   32|      224|
    |imgHelper4_cols_c_U  |        0|  99|   0|    -|     8|   32|      256|
    |imgHelper4_data_U    |        0|  99|   0|    -|     2|    8|       16|
    |imgHelper4_rows_c_U  |        0|  99|   0|    -|     8|   32|      256|
    |imgInput_cols_c20_U  |        0|  99|   0|    -|     2|   32|       64|
    |imgInput_cols_c_U    |        0|  99|   0|    -|     2|   32|       64|
    |imgInput_data_U      |        0|  99|   0|    -|     2|   24|       48|
    |imgInput_rows_c19_U  |        0|  99|   0|    -|     2|   32|       64|
    |imgInput_rows_c_U    |        0|  99|   0|    -|     2|   32|       64|
    |imgOutput_cols_c_U   |        0|  99|   0|    -|     9|   32|      288|
    |imgOutput_data_U     |        0|  99|   0|    -|     2|    8|       16|
    |imgOutput_rows_c_U   |        0|  99|   0|    -|     9|   32|      288|
    |rgb2hsv_cols_c_U     |        0|  99|   0|    -|     4|   32|      128|
    |rgb2hsv_data_U       |        0|  99|   0|    -|     2|   24|       48|
    |rgb2hsv_rows_c_U     |        0|  99|   0|    -|     4|   32|      128|
    +---------------------+---------+----+----+-----+------+-----+---------+
    |Total                |        0|2277|   0|    0|   100|  600|     2928|
    +---------------------+---------+----+----+-----+------+-----+---------+

    * Expression: 
    +------------------------------------------------------------------------------------+----------+----+---+----+------------+------------+
    |                                    Variable Name                                   | Operation| DSP| FF| LUT| Bitwidth P0| Bitwidth P1|
    +------------------------------------------------------------------------------------+----------+----+---+----+------------+------------+
    |Block_ZN2xf2cv3MatILi9ELi2160ELi3840ELi1ELi2EEC2Eii_exit1_proc_U0_ap_start          |       and|   0|  0|   1|           1|           1|
    |Block_ZN2xf2cv3MatILi9ELi2160ELi3840ELi1ELi2EEC2Eii_exit1_proc_U0_start_full_n      |       and|   0|  0|   1|           1|           1|
    |ap_idle                                                                             |       and|   0|  0|   1|           1|           1|
    |ap_sync_ready                                                                       |       and|   0|  0|   1|           1|           1|
    |colorthresholding_9_0_3_2160_3840_1_U0_ap_start                                     |       and|   0|  0|   1|           1|           1|
    |ap_sync_Block_ZN2xf2cv3MatILi9ELi2160ELi3840ELi1ELi2EEC2Eii_exit1_proc_U0_ap_ready  |        or|   0|  0|   1|           1|           1|
    |ap_sync_colorthresholding_9_0_3_2160_3840_1_U0_ap_ready                             |        or|   0|  0|   1|           1|           1|
    +------------------------------------------------------------------------------------+----------+----+---+----+------------+------------+
    |Total                                                                               |          |   0|  0|   7|           7|           7|
    +------------------------------------------------------------------------------------+----------+----+---+----+------------+------------+

    * Multiplexer: 
    +----------------------------------------------------------------------------------------+----+-----------+-----+-----------+
    |                                          Name                                          | LUT| Input Size| Bits| Total Bits|
    +----------------------------------------------------------------------------------------+----+-----------+-----+-----------+
    |ap_sync_reg_Block_ZN2xf2cv3MatILi9ELi2160ELi3840ELi1ELi2EEC2Eii_exit1_proc_U0_ap_ready  |   9|          2|    1|          2|
    |ap_sync_reg_colorthresholding_9_0_3_2160_3840_1_U0_ap_ready                             |   9|          2|    1|          2|
    +----------------------------------------------------------------------------------------+----+-----------+-----+-----------+
    |Total                                                                                   |  18|          4|    2|          4|
    +----------------------------------------------------------------------------------------+----+-----------+-----+-----------+

    * Register: 
    +----------------------------------------------------------------------------------------+---+----+-----+-----------+
    |                                          Name                                          | FF| LUT| Bits| Const Bits|
    +----------------------------------------------------------------------------------------+---+----+-----+-----------+
    |ap_sync_reg_Block_ZN2xf2cv3MatILi9ELi2160ELi3840ELi1ELi2EEC2Eii_exit1_proc_U0_ap_ready  |  1|   0|    1|          0|
    |ap_sync_reg_colorthresholding_9_0_3_2160_3840_1_U0_ap_ready                             |  1|   0|    1|          0|
    +----------------------------------------------------------------------------------------+---+----+-----+-----------+
    |Total                                                                                   |  2|   0|    2|          0|
    +----------------------------------------------------------------------------------------+---+----+-----+-----------+



================================================================
== Interface
================================================================
* Summary: 
+-----------------------+-----+-----+------------+-------------------+--------------+
|       RTL Ports       | Dir | Bits|  Protocol  |   Source Object   |    C Type    |
+-----------------------+-----+-----+------------+-------------------+--------------+
|s_axi_control_AWVALID  |   in|    1|       s_axi|            control|        scalar|
|s_axi_control_AWREADY  |  out|    1|       s_axi|            control|        scalar|
|s_axi_control_AWADDR   |   in|    6|       s_axi|            control|        scalar|
|s_axi_control_WVALID   |   in|    1|       s_axi|            control|        scalar|
|s_axi_control_WREADY   |  out|    1|       s_axi|            control|        scalar|
|s_axi_control_WDATA    |   in|   32|       s_axi|            control|        scalar|
|s_axi_control_WSTRB    |   in|    4|       s_axi|            control|        scalar|
|s_axi_control_ARVALID  |   in|    1|       s_axi|            control|        scalar|
|s_axi_control_ARREADY  |  out|    1|       s_axi|            control|        scalar|
|s_axi_control_ARADDR   |   in|    6|       s_axi|            control|        scalar|
|s_axi_control_RVALID   |  out|    1|       s_axi|            control|        scalar|
|s_axi_control_RREADY   |   in|    1|       s_axi|            control|        scalar|
|s_axi_control_RDATA    |  out|   32|       s_axi|            control|        scalar|
|s_axi_control_RRESP    |  out|    2|       s_axi|            control|        scalar|
|s_axi_control_BVALID   |  out|    1|       s_axi|            control|        scalar|
|s_axi_control_BREADY   |   in|    1|       s_axi|            control|        scalar|
|s_axi_control_BRESP    |  out|    2|       s_axi|            control|        scalar|
|ap_clk                 |   in|    1|  ap_ctrl_hs|  colordetect_accel|  return value|
|ap_rst_n               |   in|    1|  ap_ctrl_hs|  colordetect_accel|  return value|
|interrupt              |  out|    1|  ap_ctrl_hs|  colordetect_accel|  return value|
|src_TDATA              |   in|   24|        axis|       src_V_data_V|       pointer|
|src_TKEEP              |   in|    3|        axis|       src_V_keep_V|       pointer|
|src_TSTRB              |   in|    3|        axis|       src_V_strb_V|       pointer|
|src_TUSER              |   in|    1|        axis|       src_V_user_V|       pointer|
|src_TLAST              |   in|    1|        axis|       src_V_last_V|       pointer|
|src_TID                |   in|    1|        axis|         src_V_id_V|       pointer|
|src_TDEST              |   in|    1|        axis|       src_V_dest_V|       pointer|
|src_TVALID             |   in|    1|        axis|       src_V_dest_V|       pointer|
|src_TREADY             |  out|    1|        axis|       src_V_dest_V|       pointer|
|dst_TDATA              |  out|   24|        axis|       dst_V_data_V|       pointer|
|dst_TKEEP              |  out|    3|        axis|       dst_V_keep_V|       pointer|
|dst_TSTRB              |  out|    3|        axis|       dst_V_strb_V|       pointer|
|dst_TUSER              |  out|    1|        axis|       dst_V_user_V|       pointer|
|dst_TLAST              |  out|    1|        axis|       dst_V_last_V|       pointer|
|dst_TID                |  out|    1|        axis|         dst_V_id_V|       pointer|
|dst_TDEST              |  out|    1|        axis|       dst_V_dest_V|       pointer|
|dst_TVALID             |  out|    1|        axis|       dst_V_dest_V|       pointer|
|dst_TREADY             |   in|    1|        axis|       dst_V_dest_V|       pointer|
+-----------------------+-----+-----+------------+-------------------+--------------+

