

================================================================
== Synthesis Summary Report of 'colordetect_accel'
================================================================
+ General Information: 
    * Date:           Tue Mar 29 20:35:28 2022
    * Version:        2020.2.2 (Build 3118627 on Tue Feb  9 05:13:49 MST 2021)
    * Project:        colordetect
    * Solution:       colordetect (Vivado IP Flow Target)
    * Product family: zynq
    * Target device:  xc7z020-clg484-2
    

+ Performance & Resource Estimates: 
    
    PS: '+' for module; 'o' for loop; '*' for dataflow
    +--------------------------------------------------------------------------------------------------------------+------+-------+---------+-----------+----------+---------+---------+----------+----------+---------+-----------+------------+-----+
    |                                                    Modules                                                   | Issue|       | Latency |  Latency  | Iteration|         |   Trip  |          |          |         |           |            |     |
    |                                                    & Loops                                                   | Type | Slack | (cycles)|    (ns)   |  Latency | Interval|  Count  | Pipelined|   BRAM   |   DSP   |     FF    |     LUT    | URAM|
    +--------------------------------------------------------------------------------------------------------------+------+-------+---------+-----------+----------+---------+---------+----------+----------+---------+-----------+------------+-----+
    |+ colordetect_accel*                                                                                          |     -|  -0.14|  8319416|  8.319e+07|         -|  8319374|        -|  dataflow|  33 (11%)|   3 (1%)|  8753 (8%)|  8923 (16%)|    -|
    | + grp_colorthresholding_9_0_3_2160_3840_1_s_fu_282*                                                          |     -|  -0.50|  8294418|  8.294e+07|         -|  8294407|        -|  dataflow|         -|  1 (~0%)|  2484 (2%)|   2242 (4%)|    -|
    |  + grp_xFInRange_9_0_2160_3840_15_0_1_9_1_3_s_fu_68                                                          |     -|  -1.78|  8294406|  8.294e+07|         -|  8294406|        -|        no|         -|  1 (~0%)|   79 (~0%)|   262 (~0%)|    -|
    |   o VITIS_LOOP_92_1_VITIS_LOOP_96_2                                                                          |     -|  -7.30|  8294401|  8.294e+07|         3|        1|  8294400|       yes|         -|        -|          -|           -|    -|
    |  + grp_colorthresholding_9_0_3_2160_3840_1_Loop_VITIS_LOOP_138_1_proc_fu_96                                  |     -|  -4.78|       11|    110.000|         -|       11|        -|        no|         -|        -|  168 (~0%)|   136 (~0%)|    -|
    |   o VITIS_LOOP_138_1                                                                                         |    II|  -7.30|        9|     90.000|         4|        3|        3|       yes|         -|        -|          -|           -|    -|
    |  + call_ln0_colorthresholding_9_0_3_2160_3840_1_entry29_fu_104                                               |     -|  -0.50|        0|      0.000|         -|        0|        -|        no|         -|        -|    3 (~0%)|    55 (~0%)|    -|
    |  + call_ret1_colorthresholding_9_0_3_2160_3840_1_Block_colorthresholding_9_0_3_2160_3840_1_exit_proc_fu_114  |     -|  -3.90|        0|      0.000|         -|        0|        -|        no|         -|        -|   34 (~0%)|    46 (~0%)|    -|
    | + grp_bgr2hsv_9_2160_3840_1_s_fu_294                                                                         |     -|  -0.20|  8294412|  8.294e+07|         -|  8294412|        -|        no|    5 (1%)|  2 (~0%)|  818 (~0%)|    708 (1%)|    -|
    |  o VITIS_LOOP_128_1_VITIS_LOOP_132_2                                                                         |     -|  -7.30|  8294409|  8.294e+07|        11|        1|  8294400|       yes|         -|        -|          -|           -|    -|
    | + grp_erode_0_0_2160_3840_0_3_3_1_1_11_fu_308                                                                |     -|  -0.14|  8319373|  8.319e+07|         -|  8319373|        -|        no|    6 (2%)|        -|  647 (~0%)|    878 (1%)|    -|
    |  + grp_xferode_2160_3840_1_0_1_0_3841_3_3_s_fu_42                                                            |     -|  -0.14|  8319372|  8.319e+07|         -|  8319372|        -|        no|    6 (2%)|        -|  611 (~0%)|    819 (1%)|    -|
    |   + src_buf_V_0_1_xfExtractPixels_1_1_0_s_fu_460                                                             |    II|  -7.30|        0|      0.000|         -|        1|        -|       yes|         -|        -|          -|           -|    -|
    |   + src_buf_V_1_1_xfExtractPixels_1_1_0_s_fu_466                                                             |    II|  -7.30|        0|      0.000|         -|        1|        -|       yes|         -|        -|          -|           -|    -|
    |   + src_buf_V_2_1_xfExtractPixels_1_1_0_s_fu_472                                                             |    II|  -7.30|        0|      0.000|         -|        1|        -|       yes|         -|        -|          -|           -|    -|
    |   o VITIS_LOOP_263_1                                                                                         |     -|  -7.30|        3|     30.000|         1|        1|        3|       yes|         -|        -|          -|           -|    -|
    |   o VITIS_LOOP_278_2                                                                                         |     -|  -7.30|     3841|  3.841e+04|         2|        1|     3841|       yes|         -|        -|          -|           -|    -|
    |   o VITIS_LOOP_295_3                                                                                         |     -|  -7.30|     3841|  3.841e+04|         1|        1|     3841|       yes|         -|        -|          -|           -|    -|
    |   o Row_Loop                                                                                                 |     -|  -7.30|  8311680|  8.312e+07|      3848|        -|     2160|        no|         -|        -|          -|           -|    -|
    |    o Col_Loop                                                                                                |     -|  -7.30|     3845|  3.845e+04|         6|        1|     3841|       yes|         -|        -|          -|           -|    -|
    | + grp_dilate_0_0_2160_3840_0_3_3_1_1_12_fu_316                                                               |     -|  -0.14|  8319373|  8.319e+07|         -|  8319373|        -|        no|    6 (2%)|        -|  647 (~0%)|    878 (1%)|    -|
    |  + grp_xfdilate_2160_3840_1_0_1_0_3841_3_3_s_fu_42                                                           |     -|  -0.14|  8319372|  8.319e+07|         -|  8319372|        -|        no|    6 (2%)|        -|  611 (~0%)|    819 (1%)|    -|
    |   + src_buf_V_0_1_xfExtractPixels_1_1_0_s_fu_460                                                             |    II|  -7.30|        0|      0.000|         -|        1|        -|       yes|         -|        -|          -|           -|    -|
    |   + src_buf_V_1_1_xfExtractPixels_1_1_0_s_fu_466                                                             |    II|  -7.30|        0|      0.000|         -|        1|        -|       yes|         -|        -|          -|           -|    -|
    |   + src_buf_V_2_1_xfExtractPixels_1_1_0_s_fu_472                                                             |    II|  -7.30|        0|      0.000|         -|        1|        -|       yes|         -|        -|          -|           -|    -|
    |   o VITIS_LOOP_259_1                                                                                         |     -|  -7.30|        3|     30.000|         1|        1|        3|       yes|         -|        -|          -|           -|    -|
    |   o VITIS_LOOP_274_2                                                                                         |     -|  -7.30|     3841|  3.841e+04|         2|        1|     3841|       yes|         -|        -|          -|           -|    -|
    |   o VITIS_LOOP_291_3                                                                                         |     -|  -7.30|     3841|  3.841e+04|         1|        1|     3841|       yes|         -|        -|          -|           -|    -|
    |   o Row_Loop                                                                                                 |     -|  -7.30|  8311680|  8.312e+07|      3848|        -|     2160|        no|         -|        -|          -|           -|    -|
    |    o Col_Loop                                                                                                |     -|  -7.30|     3845|  3.845e+04|         6|        1|     3841|       yes|         -|        -|          -|           -|    -|
    | + grp_dilate_0_0_2160_3840_0_3_3_1_1_s_fu_324                                                                |     -|  -0.14|  8319373|  8.319e+07|         -|  8319373|        -|        no|    6 (2%)|        -|  647 (~0%)|    878 (1%)|    -|
    |  + grp_xfdilate_2160_3840_1_0_1_0_3841_3_3_s_fu_42                                                           |     -|  -0.14|  8319372|  8.319e+07|         -|  8319372|        -|        no|    6 (2%)|        -|  611 (~0%)|    819 (1%)|    -|
    |   + src_buf_V_0_1_xfExtractPixels_1_1_0_s_fu_460                                                             |    II|  -7.30|        0|      0.000|         -|        1|        -|       yes|         -|        -|          -|           -|    -|
    |   + src_buf_V_1_1_xfExtractPixels_1_1_0_s_fu_466                                                             |    II|  -7.30|        0|      0.000|         -|        1|        -|       yes|         -|        -|          -|           -|    -|
    |   + src_buf_V_2_1_xfExtractPixels_1_1_0_s_fu_472                                                             |    II|  -7.30|        0|      0.000|         -|        1|        -|       yes|         -|        -|          -|           -|    -|
    |   o VITIS_LOOP_259_1                                                                                         |     -|  -7.30|        3|     30.000|         1|        1|        3|       yes|         -|        -|          -|           -|    -|
    |   o VITIS_LOOP_274_2                                                                                         |     -|  -7.30|     3841|  3.841e+04|         2|        1|     3841|       yes|         -|        -|          -|           -|    -|
    |   o VITIS_LOOP_291_3                                                                                         |     -|  -7.30|     3841|  3.841e+04|         1|        1|     3841|       yes|         -|        -|          -|           -|    -|
    |   o Row_Loop                                                                                                 |     -|  -7.30|  8311680|  8.312e+07|      3848|        -|     2160|        no|         -|        -|          -|           -|    -|
    |    o Col_Loop                                                                                                |     -|  -7.30|     3845|  3.845e+04|         6|        1|     3841|       yes|         -|        -|          -|           -|    -|
    | + grp_erode_0_0_2160_3840_0_3_3_1_1_s_fu_332                                                                 |     -|  -0.14|  8319373|  8.319e+07|         -|  8319373|        -|        no|    6 (2%)|        -|  647 (~0%)|    878 (1%)|    -|
    |  + grp_xferode_2160_3840_1_0_1_0_3841_3_3_s_fu_42                                                            |     -|  -0.14|  8319372|  8.319e+07|         -|  8319372|        -|        no|    6 (2%)|        -|  611 (~0%)|    819 (1%)|    -|
    |   + src_buf_V_0_1_xfExtractPixels_1_1_0_s_fu_460                                                             |    II|  -7.30|        0|      0.000|         -|        1|        -|       yes|         -|        -|          -|           -|    -|
    |   + src_buf_V_1_1_xfExtractPixels_1_1_0_s_fu_466                                                             |    II|  -7.30|        0|      0.000|         -|        1|        -|       yes|         -|        -|          -|           -|    -|
    |   + src_buf_V_2_1_xfExtractPixels_1_1_0_s_fu_472                                                             |    II|  -7.30|        0|      0.000|         -|        1|        -|       yes|         -|        -|          -|           -|    -|
    |   o VITIS_LOOP_263_1                                                                                         |     -|  -7.30|        3|     30.000|         1|        1|        3|       yes|         -|        -|          -|           -|    -|
    |   o VITIS_LOOP_278_2                                                                                         |     -|  -7.30|     3841|  3.841e+04|         2|        1|     3841|       yes|         -|        -|          -|           -|    -|
    |   o VITIS_LOOP_295_3                                                                                         |     -|  -7.30|     3841|  3.841e+04|         1|        1|     3841|       yes|         -|        -|          -|           -|    -|
    |   o Row_Loop                                                                                                 |     -|  -7.30|  8311680|  8.312e+07|      3848|        -|     2160|        no|         -|        -|          -|           -|    -|
    |    o Col_Loop                                                                                                |     -|  -7.30|     3845|  3.845e+04|         6|        1|     3841|       yes|         -|        -|          -|           -|    -|
    | + grp_xfMat2axis_24_0_2160_3840_1_s_fu_340                                                                   |     -|  -2.14|  8303041|  8.303e+07|         -|  8303041|        -|        no|         -|        -|  176 (~0%)|   249 (~0%)|    -|
    |  o loop_row_mat2axi                                                                                          |     -|  -7.30|  8303040|  8.303e+07|      3844|        -|     2160|        no|         -|        -|          -|           -|    -|
    |   o loop_col_mat2axi                                                                                         |     -|  -7.30|     3841|  3.841e+04|         3|        1|     3840|       yes|         -|        -|          -|           -|    -|
    | + grp_axis2xfMat_24_9_2160_3840_1_s_fu_361                                                                   |     -|  -0.50|  8300881|  8.301e+07|         -|  8300881|        -|        no|         -|        -|  133 (~0%)|   180 (~0%)|    -|
    |  o loop_row_axi2mat                                                                                          |     -|  -7.30|  8300880|  8.301e+07|      3843|        -|     2160|        no|         -|        -|          -|           -|    -|
    |   o loop_col_zxi2mat                                                                                         |     -|  -7.30|     3840|  3.840e+04|         2|        1|     3840|       yes|         -|        -|          -|           -|    -|
    | + call_ln0_Block_ZN2xf2cv3MatILi9ELi2160ELi3840ELi1ELi2EEC2Eii_exit1_proc_fu_384                             |     -|  -3.90|        0|      0.000|         -|        0|        -|        no|         -|        -|    3 (~0%)|   145 (~0%)|    -|
    +--------------------------------------------------------------------------------------------------------------+------+-------+---------+-----------+----------+---------+---------+----------+----------+---------+-----------+------------+-----+

